


============================== echo of input deck ==============================
echo
start h2o-dat-2

memory global 40 mb stack 23 mb heap 5 mb

geometry units au
 O 0       0        0
 H 0       1.430   -1.107
 H 0      -1.430   -1.107
end


basis
  O library 6-31g*
  H library 6-31g*
end

dft
 xc becke88 perdew91
end

task dft gradient

================================================================================


                                         
                                         


             Northwest Computational Chemistry Package (NWChem) 7.0.0
             --------------------------------------------------------


                    Environmental Molecular Sciences Laboratory
                       Pacific Northwest National Laboratory
                                Richland, WA 99352

                              Copyright (c) 1994-2020
                       Pacific Northwest National Laboratory
                            Battelle Memorial Institute

             NWChem is an open-source computational chemistry package
                        distributed under the terms of the
                      Educational Community License (ECL) 2.0
             A copy of the license is included with this distribution
                              in the LICENSE.TXT file

                                  ACKNOWLEDGMENT
                                  --------------

            This software and its documentation were developed at the
            EMSL at Pacific Northwest National Laboratory, a multiprogram
            national laboratory, operated for the U.S. Department of Energy
            by Battelle under Contract Number DE-AC05-76RL01830. Support
            for this work was provided by the Department of Energy Office
            of Biological and Environmental Research, Office of Basic
            Energy Sciences, and the Office of Advanced Scientific Computing.


           Job information
           ---------------

    hostname        = erato
    program         = ../../../bin/LINUX64/nwchem
    date            = Sat Jul 11 19:33:09 2020

    compiled        = Sat_Jul_11_19:31:28_2020
    source          = /home/hvandam/nwchem-pgroup
    nwchem branch   = 7.0.0
    nwchem revision = nwchem_on_git-1843-g09de257
    ga revision     = 5.7.1
    use scalapack   = F
    input           = pgroup_h2o.nw.2
    prefix          = h2o-dat-2.
    data base       = ./h2o-dat-2.db
    status          = startup
    nproc           =        8
    time left       =     -1s



           Memory information
           ------------------

    heap     =     655354 doubles =      5.0 Mbytes
    stack    =    3014655 doubles =     23.0 Mbytes
    global   =    5242880 doubles =     40.0 Mbytes (distinct from heap & stack)
    total    =    8912889 doubles =     68.0 Mbytes
    verify   = yes
    hardfail = no 


           Directory information
           ---------------------

  0 permanent = .
  0 scratch   = .




                                NWChem Input Module
                                -------------------


 C2V symmetry detected

          ------
          auto-z
          ------
  no constraints, skipping    0.0000000000000000     
  no constraints, skipping    0.0000000000000000     


                             Geometry "geometry" -> ""
                             -------------------------

 Output coordinates in a.u. (scale by  1.000000000 to convert to a.u.)

  No.       Tag          Charge          X              Y              Z
 ---- ---------------- ---------- -------------- -------------- --------------
    1 O                    8.0000     0.00000000     0.00000000     0.22140000
    2 H                    1.0000    -1.43000000     0.00000000    -0.88560000
    3 H                    1.0000     1.43000000     0.00000000    -0.88560000

      Atomic Mass 
      ----------- 

      O                 15.994910
      H                  1.007825


 Effective nuclear repulsion energy (a.u.)       9.1971984402

            Nuclear Dipole moment (a.u.) 
            ----------------------------
        X                 Y               Z
 ---------------- ---------------- ----------------
     0.0000000000     0.0000000000     0.0000000000

      Symmetry information
      --------------------

 Group name             C2v       
 Group number             16
 Group order               4
 No. of unique centers     2

      Symmetry unique atoms

     1    2



                                Z-matrix (autoz)
                                -------- 

 Units are Angstrom for bonds and degrees for angles

      Type          Name      I     J     K     L     M      Value
      ----------- --------  ----- ----- ----- ----- ----- ----------
    1 Stretch                  1     2                       0.95697
    2 Stretch                  1     3                       0.95697
    3 Bend                     2     1     3               104.51124


            XYZ format geometry
            -------------------
     3
 geometry
 O                     0.00000000     0.00000000     0.11715984
 H                    -0.75672347     0.00000000    -0.46863937
 H                     0.75672347     0.00000000    -0.46863937

 ==============================================================================
                                internuclear distances
 ------------------------------------------------------------------------------
       center one      |      center two      | atomic units |       a.u.
 ------------------------------------------------------------------------------
    2 H                |   1 O                |     1.80841  |     1.80841
    3 H                |   1 O                |     1.80841  |     1.80841
 ------------------------------------------------------------------------------
                         number of included internuclear distances:          2
 ==============================================================================



 ==============================================================================
                                 internuclear angles
 ------------------------------------------------------------------------------
        center 1       |       center 2       |       center 3       |  degrees
 ------------------------------------------------------------------------------
    2 H                |   1 O                |   3 H                |   104.51
 ------------------------------------------------------------------------------
                            number of included internuclear angles:          1
 ==============================================================================



                      Basis "ao basis" -> "" (cartesian)
                      -----
  O (Oxygen)
  ----------
            Exponent  Coefficients 
       -------------- ---------------------------------------------------------
  1 S  5.48467170E+03  0.001831
  1 S  8.25234950E+02  0.013950
  1 S  1.88046960E+02  0.068445
  1 S  5.29645000E+01  0.232714
  1 S  1.68975700E+01  0.470193
  1 S  5.79963530E+00  0.358521

  2 S  1.55396160E+01 -0.110778
  2 S  3.59993360E+00 -0.148026
  2 S  1.01376180E+00  1.130767

  3 P  1.55396160E+01  0.070874
  3 P  3.59993360E+00  0.339753
  3 P  1.01376180E+00  0.727159

  4 S  2.70005800E-01  1.000000

  5 P  2.70005800E-01  1.000000

  6 D  8.00000000E-01  1.000000

  H (Hydrogen)
  ------------
            Exponent  Coefficients 
       -------------- ---------------------------------------------------------
  1 S  1.87311370E+01  0.033495
  1 S  2.82539370E+00  0.234727
  1 S  6.40121700E-01  0.813757

  2 S  1.61277800E-01  1.000000



 Summary of "ao basis" -> "" (cartesian)
 ------------------------------------------------------------------------------
       Tag                 Description            Shells   Functions and Types
 ---------------- ------------------------------  ------  ---------------------
 O                           6-31g*                  6       15   3s2p1d
 H                           6-31g*                  2        2   2s


  perdew91 is a nonlocal functional; adding pw91lda local functional. 

                                 NWChem DFT Module
                                 -----------------




 Summary of "ao basis" -> "ao basis" (cartesian)
 ------------------------------------------------------------------------------
       Tag                 Description            Shells   Functions and Types
 ---------------- ------------------------------  ------  ---------------------
 O                           6-31g*                  6       15   3s2p1d
 H                           6-31g*                  2        2   2s


      Symmetry analysis of basis
      --------------------------

        a1         10
        a2          1
        b1          5
        b2          3

  Caching 1-el integrals 

            General Information
            -------------------
          SCF calculation type: DFT
          Wavefunction type:  closed shell.
          No. of atoms     :     3
          No. of electrons :    10
           Alpha electrons :     5
            Beta electrons :     5
          Charge           :     0
          Spin multiplicity:     1
          Use of symmetry is: on ; symmetry adaption is: on 
          Maximum number of iterations:  30
          AO basis - number of functions:    19
                     number of shells:    10
          Convergence on energy requested:  1.00D-06
          Convergence on density requested:  1.00D-05
          Convergence on gradient requested:  5.00D-04

              XC Information
              --------------
                    Becke 1988 Exchange Functional  1.000          
                Perdew 1991 Correlation Functional  1.000 non-local
            Perdew 1991 LDA Correlation Functional  1.000 local    

             Grid Information
             ----------------
          Grid used for XC integration:  medium    
          Radial quadrature: Mura-Knowles        
          Angular quadrature: Lebedev. 
          Tag              B.-S. Rad. Rad. Pts. Rad. Cut. Ang. Pts.
          ---              ---------- --------- --------- ---------
          O                   0.60       49           5.0       434
          H                   0.35       45           6.0       434
          Grid pruning is: on 
          Number of quadrature shells:    94
          Spatial weights used:  Erf1

          Convergence Information
          -----------------------
          Convergence aids based upon iterative change in 
          total energy or number of iterations. 
          Levelshifting, if invoked, occurs when the 
          HOMO/LUMO gap drops below (HL_TOL):  1.00D-02
          DIIS, if invoked, will attempt to extrapolate 
          using up to (NFOCK): 10 stored Fock matrices.

                    Damping( 0%)  Levelshifting(0.5)       DIIS
                  --------------- ------------------- ---------------
          dE  on:    start            ASAP                start   
          dE off:    2 iters         30 iters            30 iters 


      Screening Tolerance Information
      -------------------------------
          Density screening/tol_rho:  1.00D-10
          AO Gaussian exp screening on grid/accAOfunc:  14
          CD Gaussian exp screening on grid/accCDfunc:  20
          XC Gaussian exp screening on grid/accXCfunc:  20
          Schwarz screening/accCoul:  1.00D-08


      Superposition of Atomic Density Guess
      -------------------------------------

 Sum of atomic energies:         -75.75081731

      Non-variational initial energy
      ------------------------------

 Total energy =     -75.919952
 1-e energy   =    -121.737767
 2-e energy   =      36.620616
 HOMO         =      -0.470482
 LUMO         =       0.114886


      Symmetry analysis of molecular orbitals - initial
      -------------------------------------------------

  Numbering of irreducible representations: 

     1 a1          2 a2          3 b1          4 b2      

  Orbital symmetries:

     1 a1          2 a1          3 b1          4 a1          5 b2      
     6 a1          7 b1          8 b1          9 a1         10 b2      
    11 a1         12 b1         13 a1         14 a1         15 a2      

   Time after variat. SCF:      0.1
   Time prior to 1st pass:      0.1

 #quartets = 1.009D+03 #integrals = 5.756D+03 #direct =  0.0% #cached =100.0%


 Integral file          = ./h2o-dat-2.aoints.0
 Record size in doubles =  65536        No. of integs per rec  =  43688
 Max. records in memory =      2        Max. records in file   = 896322
 No. of bits per label  =      8        No. of bits per value  =     64


 Grid_pts file          = ./h2o-dat-2.gridpts.0
 Record size in doubles =  12289        No. of grid_pts per rec  =   3070
 Max. records in memory =      3        Max. recs in file   =   2987550


           Memory utilization after 1st SCF pass: 
           Heap Space remaining (MW):        0.49              485786
          Stack Space remaining (MW):        3.01             3014420

   convergence    iter        energy       DeltaE   RMS-Dens  Diis-err    time
 ---------------- ----- ----------------- --------- --------- ---------  ------
 d= 0,ls=0.0,diis     1    -76.3609765530 -8.56D+01  4.86D-02  4.18D-01     0.2
 d= 0,ls=0.0,diis     2    -76.3329992488  2.80D-02  2.78D-02  7.28D-01     0.2
 d= 0,ls=0.0,diis     3    -76.3982030904 -6.52D-02  3.50D-03  2.25D-02     0.2
 d= 0,ls=0.0,diis     4    -76.4001535830 -1.95D-03  4.50D-04  2.04D-04     0.3
 d= 0,ls=0.0,diis     5    -76.4001741762 -2.06D-05  2.90D-05  2.67D-07     0.3
 d= 0,ls=0.0,diis     6    -76.4001742130 -3.68D-08  2.24D-06  8.28D-09     0.3


         Total DFT energy =      -76.400174212993
      One electron energy =     -123.119060732914
           Coulomb energy =       46.865887835557
    Exchange-Corr. energy =       -9.344199755835
 Nuclear repulsion energy =        9.197198440198

 Numeric. integr. density =       10.000001210265

     Total iterative time =      0.2s



                  Occupations of the irreducible representations
                  ----------------------------------------------

                     irrep           alpha         beta
                     --------     --------     --------
                     a1                3.0          3.0
                     a2                0.0          0.0
                     b1                1.0          1.0
                     b2                1.0          1.0


                       DFT Final Molecular Orbital Analysis
                       ------------------------------------

 Vector    1  Occ=2.000000D+00  E=-1.877209D+01  Symmetry=a1
              MO Center=  2.2D-18,  4.0D-27,  1.2D-01, r^2= 1.5D-02
   Bfn.  Coefficient  Atom+Function         Bfn.  Coefficient  Atom+Function  
  ----- ------------  ---------------      ----- ------------  ---------------
     1      0.992650  1 O  s                  2      0.027052  1 O  s          

 Vector    2  Occ=2.000000D+00  E=-9.118303D-01  Symmetry=a1
              MO Center= -1.7D-16, -9.9D-18, -1.0D-01, r^2= 5.0D-01
   Bfn.  Coefficient  Atom+Function         Bfn.  Coefficient  Atom+Function  
  ----- ------------  ---------------      ----- ------------  ---------------
     2      0.465025  1 O  s                  6      0.433526  1 O  s          
     1     -0.208278  1 O  s                 16      0.144270  2 H  s          
    18      0.144270  3 H  s                  5     -0.138237  1 O  pz         
     9     -0.064050  1 O  pz         

 Vector    3  Occ=2.000000D+00  E=-4.680188D-01  Symmetry=b1
              MO Center=  5.1D-16,  2.9D-19, -1.1D-01, r^2= 7.8D-01
   Bfn.  Coefficient  Atom+Function         Bfn.  Coefficient  Atom+Function  
  ----- ------------  ---------------      ----- ------------  ---------------
     3      0.519749  1 O  px                 7      0.263130  1 O  px         
    16     -0.242593  2 H  s                 18      0.242593  3 H  s          
    17     -0.137175  2 H  s                 19      0.137175  3 H  s          
    12     -0.066891  1 O  dxz        

 Vector    4  Occ=2.000000D+00  E=-3.122581D-01  Symmetry=a1
              MO Center= -1.4D-17, -1.4D-16,  2.1D-01, r^2= 6.8D-01
   Bfn.  Coefficient  Atom+Function         Bfn.  Coefficient  Atom+Function  
  ----- ------------  ---------------      ----- ------------  ---------------
     5      0.551458  1 O  pz                 6      0.417352  1 O  s          
     9      0.371729  1 O  pz                 2      0.183411  1 O  s          
    16     -0.142752  2 H  s                 18     -0.142752  3 H  s          
    17     -0.111277  2 H  s                 19     -0.111277  3 H  s          
     1     -0.090942  1 O  s                 15     -0.052358  1 O  dzz        

 Vector    5  Occ=2.000000D+00  E=-2.302135D-01  Symmetry=b2
              MO Center= -4.2D-17,  1.4D-16,  9.6D-02, r^2= 6.0D-01
   Bfn.  Coefficient  Atom+Function         Bfn.  Coefficient  Atom+Function  
  ----- ------------  ---------------      ----- ------------  ---------------
     4      0.642534  1 O  py                 8      0.508207  1 O  py         
    14     -0.063456  1 O  dyz        

 Vector    6  Occ=0.000000D+00  E= 5.176152D-02  Symmetry=a1
              MO Center= -2.2D-16, -3.6D-17, -6.0D-01, r^2= 2.3D+00
   Bfn.  Coefficient  Atom+Function         Bfn.  Coefficient  Atom+Function  
  ----- ------------  ---------------      ----- ------------  ---------------
     6      1.225730  1 O  s                 17     -0.953125  2 H  s          
    19     -0.953125  3 H  s                  9     -0.458725  1 O  pz         
     5     -0.293222  1 O  pz                 2      0.146802  1 O  s          
    16     -0.114721  2 H  s                 18     -0.114721  3 H  s          
     1     -0.101534  1 O  s                 13     -0.051357  1 O  dyy        

 Vector    7  Occ=0.000000D+00  E= 1.342332D-01  Symmetry=b1
              MO Center=  1.1D-16, -8.1D-20, -5.5D-01, r^2= 2.4D+00
   Bfn.  Coefficient  Atom+Function         Bfn.  Coefficient  Atom+Function  
  ----- ------------  ---------------      ----- ------------  ---------------
    17      1.260478  2 H  s                 19     -1.260478  3 H  s          
     7      0.745244  1 O  px                 3      0.436506  1 O  px         
    16      0.131023  2 H  s                 18     -0.131023  3 H  s          
    12     -0.027556  1 O  dxz        

 Vector    8  Occ=0.000000D+00  E= 7.369302D-01  Symmetry=b1
              MO Center=  0.0D+00,  1.2D-32, -1.5D-01, r^2= 1.6D+00
   Bfn.  Coefficient  Atom+Function         Bfn.  Coefficient  Atom+Function  
  ----- ------------  ---------------      ----- ------------  ---------------
    16      0.835561  2 H  s                 18     -0.835561  3 H  s          
    17     -0.673752  2 H  s                 19      0.673752  3 H  s          
     7      0.422736  1 O  px                12      0.349017  1 O  dxz        
     3      0.173323  1 O  px         

 Vector    9  Occ=0.000000D+00  E= 8.123662D-01  Symmetry=a1
              MO Center= -2.2D-16,  1.5D-15, -9.0D-02, r^2= 1.3D+00
   Bfn.  Coefficient  Atom+Function         Bfn.  Coefficient  Atom+Function  
  ----- ------------  ---------------      ----- ------------  ---------------
     5      0.764657  1 O  pz                16      0.650274  2 H  s          
    18      0.650274  3 H  s                 17     -0.520928  2 H  s          
    19     -0.520928  3 H  s                  9     -0.484605  1 O  pz         
    10      0.173874  1 O  dxx               13     -0.084946  1 O  dyy        
     2     -0.039364  1 O  s                 15      0.037345  1 O  dzz        

 Vector   10  Occ=0.000000D+00  E= 8.397933D-01  Symmetry=b2
              MO Center=  2.4D-17, -7.5D-15,  1.1D-01, r^2= 1.1D+00
   Bfn.  Coefficient  Atom+Function         Bfn.  Coefficient  Atom+Function  
  ----- ------------  ---------------      ----- ------------  ---------------
     8     -1.037512  1 O  py                 4      0.960806  1 O  py         
    14      0.030002  1 O  dyz        

 Vector   11  Occ=0.000000D+00  E= 8.523252D-01  Symmetry=a1
              MO Center=  9.3D-16,  5.9D-15,  1.9D-01, r^2= 1.5D+00
   Bfn.  Coefficient  Atom+Function         Bfn.  Coefficient  Atom+Function  
  ----- ------------  ---------------      ----- ------------  ---------------
     6      1.265257  1 O  s                  9      0.819994  1 O  pz         
     2     -0.790901  1 O  s                 16      0.561067  2 H  s          
    18      0.561067  3 H  s                  5     -0.488973  1 O  pz         
    17     -0.411888  2 H  s                 19     -0.411888  3 H  s          
    13     -0.320762  1 O  dyy               15     -0.257074  1 O  dzz        

 Vector   12  Occ=0.000000D+00  E= 1.013645D+00  Symmetry=b1
              MO Center= -2.9D-15,  5.3D-18,  9.0D-02, r^2= 1.5D+00
   Bfn.  Coefficient  Atom+Function         Bfn.  Coefficient  Atom+Function  
  ----- ------------  ---------------      ----- ------------  ---------------
     7      1.661150  1 O  px                 3     -0.979930  1 O  px         
    17      0.972090  2 H  s                 19     -0.972090  3 H  s          
    12      0.026294  1 O  dxz        

 Vector   13  Occ=0.000000D+00  E= 1.145451D+00  Symmetry=a1
              MO Center=  1.0D-15,  7.1D-17, -3.7D-01, r^2= 1.4D+00
   Bfn.  Coefficient  Atom+Function         Bfn.  Coefficient  Atom+Function  
  ----- ------------  ---------------      ----- ------------  ---------------
     6      3.671876  1 O  s                  2     -1.493189  1 O  s          
     9     -1.070727  1 O  pz                17     -0.815273  2 H  s          
    19     -0.815273  3 H  s                 10     -0.659748  1 O  dxx        
    15     -0.383624  1 O  dzz                5      0.376047  1 O  pz         
    16     -0.322772  2 H  s                 18     -0.322772  3 H  s          

 Vector   14  Occ=0.000000D+00  E= 1.657955D+00  Symmetry=a1
              MO Center= -6.9D-18,  2.4D-17,  1.7D-01, r^2= 6.2D-01
   Bfn.  Coefficient  Atom+Function         Bfn.  Coefficient  Atom+Function  
  ----- ------------  ---------------      ----- ------------  ---------------
    15      1.010267  1 O  dzz               10     -0.579259  1 O  dxx        
    13     -0.359640  1 O  dyy                6     -0.278354  1 O  s          
     9      0.154068  1 O  pz                 2      0.098703  1 O  s          
    16      0.089072  2 H  s                 18      0.089072  3 H  s          
    17      0.047633  2 H  s                 19      0.047633  3 H  s          

 Vector   15  Occ=0.000000D+00  E= 1.672288D+00  Symmetry=a2
              MO Center= -7.4D-16, -6.0D-18,  1.2D-01, r^2= 6.1D-01
   Bfn.  Coefficient  Atom+Function         Bfn.  Coefficient  Atom+Function  
  ----- ------------  ---------------      ----- ------------  ---------------
    11      1.732051  1 O  dxy        

 Vector   16  Occ=0.000000D+00  E= 1.709056D+00  Symmetry=b2
              MO Center=  7.6D-16,  2.1D-19,  1.4D-01, r^2= 6.1D-01
   Bfn.  Coefficient  Atom+Function         Bfn.  Coefficient  Atom+Function  
  ----- ------------  ---------------      ----- ------------  ---------------
    14      1.730628  1 O  dyz                8      0.036620  1 O  py         

 Vector   17  Occ=0.000000D+00  E= 2.218865D+00  Symmetry=a1
              MO Center= -1.7D-16,  6.2D-19,  8.6D-04, r^2= 8.3D-01
   Bfn.  Coefficient  Atom+Function         Bfn.  Coefficient  Atom+Function  
  ----- ------------  ---------------      ----- ------------  ---------------
     6      1.581707  1 O  s                 13     -1.127475  1 O  dyy        
    16     -0.834186  2 H  s                 18     -0.834186  3 H  s          
    10      0.757019  1 O  dxx                9     -0.751824  1 O  pz         
     2     -0.521087  1 O  s                 17     -0.150698  2 H  s          
    19     -0.150698  3 H  s                 15      0.055305  1 O  dzz        

 Vector   18  Occ=0.000000D+00  E= 2.518074D+00  Symmetry=b1
              MO Center=  1.3D-16,  4.9D-19,  6.5D-02, r^2= 8.7D-01
   Bfn.  Coefficient  Atom+Function         Bfn.  Coefficient  Atom+Function  
  ----- ------------  ---------------      ----- ------------  ---------------
    12      2.225345  1 O  dxz               16     -0.951077  2 H  s          
    18      0.951077  3 H  s                  7     -0.882446  1 O  px         
    17      0.039071  2 H  s                 19     -0.039071  3 H  s          
     3      0.026824  1 O  px         

 Vector   19  Occ=0.000000D+00  E= 3.470185D+00  Symmetry=a1
              MO Center= -3.8D-17, -5.6D-20,  1.2D-01, r^2= 1.0D+00
   Bfn.  Coefficient  Atom+Function         Bfn.  Coefficient  Atom+Function  
  ----- ------------  ---------------      ----- ------------  ---------------
     6      3.754393  1 O  s                 13     -1.586042  1 O  dyy        
    15     -1.560338  1 O  dzz               10     -1.537015  1 O  dxx        
    17     -0.573217  2 H  s                 19     -0.573217  3 H  s          
     1     -0.470221  1 O  s                  9     -0.336696  1 O  pz         
     2      0.264603  1 O  s                 16      0.122213  2 H  s          


 center of mass
 --------------
 x =   0.00000000 y =   0.00000000 z =   0.09751021

 moments of inertia (a.u.)
 ------------------
           2.193637940261           0.000000000000           0.000000000000
           0.000000000000           6.315440625261           0.000000000000
           0.000000000000           0.000000000000           4.121802685000

     Multipole analysis of the density
     ---------------------------------

     L   x y z        total         alpha         beta         nuclear
     -   - - -        -----         -----         ----         -------
     0   0 0 0     -0.000000     -5.000000     -5.000000     10.000000

     1   1 0 0      0.000000      0.000000      0.000000      0.000000
     1   0 1 0      0.000000      0.000000      0.000000      0.000000
     1   0 0 1     -0.808838     -0.404419     -0.404419      0.000000

     2   2 0 0     -3.173661     -3.631731     -3.631731      4.089800
     2   1 1 0     -0.000000     -0.000000     -0.000000      0.000000
     2   1 0 1      0.000000      0.000000      0.000000      0.000000
     2   0 2 0     -5.337173     -2.668586     -2.668586      0.000000
     2   0 1 1     -0.000000     -0.000000     -0.000000      0.000000
     2   0 0 2     -4.463820     -3.212269     -3.212269      1.960718


 Parallel integral file used       8 records with       0 large values


            General Information
            -------------------
          SCF calculation type: DFT
          Wavefunction type:  closed shell.
          No. of atoms     :     3
          No. of electrons :    10
           Alpha electrons :     5
            Beta electrons :     5
          Charge           :     0
          Spin multiplicity:     1
          Use of symmetry is: on ; symmetry adaption is: on 
          Maximum number of iterations:  30
          AO basis - number of functions:    19
                     number of shells:    10
          Convergence on energy requested:  1.00D-06
          Convergence on density requested:  1.00D-05
          Convergence on gradient requested:  5.00D-04

              XC Information
              --------------
                    Becke 1988 Exchange Functional  1.000          
                Perdew 1991 Correlation Functional  1.000 non-local
            Perdew 1991 LDA Correlation Functional  1.000 local    

             Grid Information
             ----------------
          Grid used for XC integration:  medium    
          Radial quadrature: Mura-Knowles        
          Angular quadrature: Lebedev. 
          Tag              B.-S. Rad. Rad. Pts. Rad. Cut. Ang. Pts.
          ---              ---------- --------- --------- ---------
          O                   0.60       49           5.0       434
          H                   0.35       45           6.0       434
          Grid pruning is: on 
          Number of quadrature shells:    94
          Spatial weights used:  Erf1

          Convergence Information
          -----------------------
          Convergence aids based upon iterative change in 
          total energy or number of iterations. 
          Levelshifting, if invoked, occurs when the 
          HOMO/LUMO gap drops below (HL_TOL):  1.00D-02
          DIIS, if invoked, will attempt to extrapolate 
          using up to (NFOCK): 10 stored Fock matrices.

                    Damping( 0%)  Levelshifting(0.5)       DIIS
                  --------------- ------------------- ---------------
          dE  on:    start            ASAP                start   
          dE off:    2 iters         30 iters            30 iters 


      Screening Tolerance Information
      -------------------------------
          Density screening/tol_rho:  1.00D-10
          AO Gaussian exp screening on grid/accAOfunc:  14
          CD Gaussian exp screening on grid/accCDfunc:  20
          XC Gaussian exp screening on grid/accXCfunc:  20
          Schwarz screening/accCoul:  1.00D-08



                            NWChem DFT Gradient Module
                            --------------------------



  charge          =   0.00
  wavefunction    = closed shell

  Using symmetry


                         DFT ENERGY GRADIENTS

    atom               coordinates                        gradient
                 x          y          z           x          y          z
   1 O       0.000000   0.000000   0.221400    0.000000   0.000000  -0.023338
   2 H      -1.430000   0.000000  -0.885600    0.012944   0.000000   0.011669
   3 H       1.430000   0.000000  -0.885600   -0.012944   0.000000   0.011669

                 ----------------------------------------
                 |  Time  |  1-e(secs)   |  2-e(secs)   |
                 ----------------------------------------
                 |  CPU   |       0.00   |       0.00   |
                 ----------------------------------------
                 |  WALL  |       0.00   |       0.00   |
                 ----------------------------------------

 Task  times  cpu:        0.2s     wall:        0.3s


                                NWChem Input Module
                                -------------------





                                     CITATION
                                     --------
                Please cite the following reference when publishing
                           results obtained with NWChem:

          E. Aprà, E. J. Bylaska, W. A. de Jong, N. Govind, K. Kowalski,
       T. P. Straatsma, M. Valiev, H. J. J. van Dam, Y. Alexeev, J. Anchell,
       V. Anisimov, F. W. Aquino, R. Atta-Fynn, J. Autschbach, N. P. Bauman,
     J. C. Becca, D. E. Bernholdt, K. Bhaskaran-Nair, S. Bogatko, P. Borowski,
        J. Boschen, J. Brabec, A. Bruner, E. Cauët, Y. Chen, G. N. Chuev,
      C. J. Cramer, J. Daily, M. J. O. Deegan, T. H. Dunning Jr., M. Dupuis,
   K. G. Dyall, G. I. Fann, S. A. Fischer, A. Fonari, H. Früchtl, L. Gagliardi,
      J. Garza, N. Gawande, S. Ghosh, K. Glaesemann, A. W. Götz, J. Hammond,
       V. Helms, E. D. Hermes, K. Hirao, S. Hirata, M. Jacquelin, L. Jensen,
   B. G. Johnson, H. Jónsson, R. A. Kendall, M. Klemm, R. Kobayashi, V. Konkov,
      S. Krishnamoorthy, M. Krishnan, Z. Lin, R. D. Lins, R. J. Littlefield,
      A. J. Logsdail, K. Lopata, W. Ma, A. V. Marenich, J. Martin del Campo,
   D. Mejia-Rodriguez, J. E. Moore, J. M. Mullin, T. Nakajima, D. R. Nascimento,
    J. A. Nichols, P. J. Nichols, J. Nieplocha, A. Otero-de-la-Roza, B. Palmer,
    A. Panyala, T. Pirojsirikul, B. Peng, R. Peverati, J. Pittner, L. Pollack,
   R. M. Richard, P. Sadayappan, G. C. Schatz, W. A. Shelton, D. W. Silverstein,
   D. M. A. Smith, T. A. Soares, D. Song, M. Swart, H. L. Taylor, G. S. Thomas,
            V. Tipparaju, D. G. Truhlar, K. Tsemekhman, T. Van Voorhis,
     Á. Vázquez-Mayagoitia, P. Verma, O. Villa, A. Vishnu, K. D. Vogiatzis,
        D. Wang, J. H. Weare, M. J. Williamson, T. L. Windus, K. Woliński,
        A. T. Wong, Q. Wu, C. Yang, Q. Yu, M. Zacharias, Z. Zhang, Y. Zhao,
                                and R. J. Harrison
                        "NWChem: Past, present, and future
                         J. Chem. Phys. 152, 184102 (2020)
                               doi:10.1063/5.0004997

                                      AUTHORS
                                      -------
     E. Apra, E. J. Bylaska, N. Govind, K. Kowalski, M. Valiev, W. A. de Jong,
      T. P. Straatsma, H. J. J. van Dam, D. Wang, T. L. Windus, N. P. Bauman,
       A. Panyala, J. Hammond, J. Autschbach, K. Bhaskaran-Nair, J. Brabec,
    K. Lopata, S. A. Fischer, S. Krishnamoorthy, M. Jacquelin, W. Ma, M. Klemm,
       O. Villa, Y. Chen, V. Anisimov, F. Aquino, S. Hirata, M. T. Hackler,
           Eric Hermes, L. Jensen, J. E. Moore, J. C. Becca, V. Konjkov,
            D. Mejia-Rodriguez, T. Risthaus, M. Malagoli, A. Marenich,
   A. Otero-de-la-Roza, J. Mullin, P. Nichols, R. Peverati, J. Pittner, Y. Zhao,
        P.-D. Fan, A. Fonari, M. J. Williamson, R. J. Harrison, J. R. Rehr,
      M. Dupuis, D. Silverstein, D. M. A. Smith, J. Nieplocha, V. Tipparaju,
      M. Krishnan, B. E. Van Kuiken, A. Vazquez-Mayagoitia, M. Swart, Q. Wu,
   T. Van Voorhis, A. A. Auer, M. Nooijen, L. D. Crosby, E. Brown, G. Cisneros,
     G. I. Fann, H. Fruchtl, J. Garza, K. Hirao, R. A. Kendall, J. A. Nichols,
       K. Tsemekhman, K. Wolinski, J. Anchell, D. E. Bernholdt, P. Borowski,
       T. Clark, D. Clerc, H. Dachsel, M. J. O. Deegan, K. Dyall, D. Elwood,
      E. Glendening, M. Gutowski, A. C. Hess, J. Jaffe, B. G. Johnson, J. Ju,
        R. Kobayashi, R. Kutteh, Z. Lin, R. Littlefield, X. Long, B. Meng,
      T. Nakajima, S. Niu, L. Pollack, M. Rosing, K. Glaesemann, G. Sandrone,
      M. Stave, H. Taylor, G. Thomas, J. H. van Lenthe, A. T. Wong, Z. Zhang.

 Total times  cpu:        0.2s     wall:        0.3s
