 argument  1 = wfn1_h.nw



============================== echo of input deck ==============================
echo
start wfn1_h_dat

geometry
  h 0 0 0
end
basis
  * library 6-31g*
end

set wfn1:print_error T
set wfn1:nopen  1
set wfn1:maxit  50
set wfn1:t_bath 0.0

task wfn1 energy

set wfn1:print_error T
set wfn1:nopen  1
set wfn1:maxit  1000
set wfn1:t_bath 0.5

task wfn1 energy
================================================================================


                                         
                                         


              Northwest Computational Chemistry Package (NWChem) 6.8
              ------------------------------------------------------


                    Environmental Molecular Sciences Laboratory
                       Pacific Northwest National Laboratory
                                Richland, WA 99352

                              Copyright (c) 1994-2015
                       Pacific Northwest National Laboratory
                            Battelle Memorial Institute

             NWChem is an open-source computational chemistry package
                        distributed under the terms of the
                      Educational Community License (ECL) 2.0
             A copy of the license is included with this distribution
                              in the LICENSE.TXT file

                                  ACKNOWLEDGMENT
                                  --------------

            This software and its documentation were developed at the
            EMSL at Pacific Northwest National Laboratory, a multiprogram
            national laboratory, operated for the U.S. Department of Energy
            by Battelle under Contract Number DE-AC05-76RL01830. Support
            for this work was provided by the Department of Energy Office
            of Biological and Environmental Research, Office of Basic
            Energy Sciences, and the Office of Advanced Scientific Computing.


           Job information
           ---------------

    hostname        = erato
    program         = ../../../bin/LINUX64/nwchem
    date            = Sat Apr 21 23:07:56 2018

    compiled        = Sat_Apr_21_22:48:35_2018
    source          = /home/hvandam/nwchem-1-wfn1
    nwchem branch   = Development
    nwchem revision = nwchem_on_git-51-gcccac83fc2a4226c5c513281d68ab773edcb0a0d
    ga revision     = nwchem_on_git-43-g1da910a
    use scalapack   = F
    input           = wfn1_h.nw
    prefix          = wfn1_h_dat.
    data base       = ./wfn1_h_dat.db
    status          = startup
    nproc           =        1
    time left       =     -1s



           Memory information
           ------------------

    heap     =   13107198 doubles =    100.0 Mbytes
    stack    =   13107195 doubles =    100.0 Mbytes
    global   =   26214400 doubles =    200.0 Mbytes (distinct from heap & stack)
    total    =   52428793 doubles =    400.0 Mbytes
    verify   = yes
    hardfail = no 


           Directory information
           ---------------------

  0 permanent = .
  0 scratch   = .




                                NWChem Input Module
                                -------------------



 Scaling coordinates for geometry "geometry" by  1.889725989
 (inverse scale =  0.529177249)



                             Geometry "geometry" -> ""
                             -------------------------

 Output coordinates in angstroms (scale by  1.889725989 to convert to a.u.)

  No.       Tag          Charge          X              Y              Z
 ---- ---------------- ---------- -------------- -------------- --------------
    1 h                    1.0000     0.00000000     0.00000000     0.00000000

      Atomic Mass 
      ----------- 

      h                  1.007825


 Effective nuclear repulsion energy (a.u.)       0.0000000000

            Nuclear Dipole moment (a.u.) 
            ----------------------------
        X                 Y               Z
 ---------------- ---------------- ----------------
     0.0000000000     0.0000000000     0.0000000000


            XYZ format geometry
            -------------------
     1
 geometry
 h                     0.00000000     0.00000000     0.00000000



 Summary of "ao basis" -> "" (cartesian)
 ------------------------------------------------------------------------------
       Tag                 Description            Shells   Functions and Types
 ---------------- ------------------------------  ------  ---------------------
 *                           6-31g*                   on all atoms 



                                NWChem WFN1 Module
                                ------------------


                      Basis "ao basis" -> "ao basis" (cartesian)
                      -----
  h (Hydrogen)
  ------------
            Exponent  Coefficients 
       -------------- ---------------------------------------------------------
  1 S  1.87311370E+01  0.033495
  1 S  2.82539370E+00  0.234727
  1 S  6.40121700E-01  0.813757

  2 S  1.61277800E-01  1.000000



 Summary of "ao basis" -> "ao basis" (cartesian)
 ------------------------------------------------------------------------------
       Tag                 Description            Shells   Functions and Types
 ---------------- ------------------------------  ------  ---------------------
 h                           6-31g*                  2        2   2s



      Superposition of Atomic Density Guess
      -------------------------------------

 Sum of atomic energies:          -0.49823254

      Non-variational initial energy
      ------------------------------

 Total energy =      -0.498233
 1-e energy   =      -0.498233
 2-e energy   =       0.000000
 HOMO         =      -0.498233
 LUMO         =       0.460935

 iteration              energy           error          err Na          err Nb          err Ca          err Cb
 ---------              ------           -----          ------          ------          ------          ------
         0         -0.49823291        0.000000        0.000000        0.000000        0.000000        0.000000

 Reached Convergence

 WFN1                     :
 --------------------------
 Total WFN1 energy =          -0.4982329107
 1-Electron energy =          -0.4982329107
 2-Electron energy =           0.0000000000
 Entropy energy    =           0.0000000000
 Nuclear energy    =           0.0000000000

 conventional Hartree-Fock:
 --------------------------
 Total SCF energy  =          -0.4982329107
 2-Electron energy =           0.0000000000


      Natural orbital occupation numbers

          Alpha     Beta
         ------   ------
     1   1.0000   0.0000
     2   0.0000   0.0000

                     WFN1 Final Correlation function energies
                     ----------------------------------------

              alpha       beta  
            --------    --------
       1     -0.4982      0.1305
       2      0.9162      1.0726

                  WFN1 Final alpha Correlation Function Analysis
                  ----------------------------------------------


 global array: Ca[1:2,1:2],  handle: -988 

            1           2  
       ----------- -----------
   1       1.00000    -0.00000
   2      -0.00000     1.00000

                   WFN1 Final beta Correlation Function Analysis
                   ---------------------------------------------


 global array: Cb[1:2,1:2],  handle: -987 

            1           2  
       ----------- -----------
   1       1.00000    -0.00000
   2      -0.00000     1.00000

                     WFN1 Final Alpha Natural Orbital Analysis
                     -----------------------------------------

 Vector    1  Occ=1.000000D+00  E=-4.982329D-01
              MO Center=  0.0D+00,  0.0D+00,  0.0D+00, r^2= 8.0D-01
   Bfn.  Coefficient  Atom+Function         Bfn.  Coefficient  Atom+Function  
  ----- ------------  ---------------      ----- ------------  ---------------
     2      0.665449  1 H  s                  1      0.427430  1 H  s          

 Vector    2  Occ=0.000000D+00  E= 9.161928D-01
              MO Center=  0.0D+00,  0.0D+00,  0.0D+00, r^2= 1.2D+00
   Bfn.  Coefficient  Atom+Function         Bfn.  Coefficient  Atom+Function  
  ----- ------------  ---------------      ----- ------------  ---------------
     1      1.257798  1 H  s                  2     -1.149752  1 H  s          


                     WFN1 Final Beta Natural Orbital Analysis
                     ----------------------------------------

 Vector    1  Occ=0.000000D+00  E= 1.304787D-01
              MO Center=  0.0D+00,  0.0D+00,  0.0D+00, r^2= 8.0D-01
   Bfn.  Coefficient  Atom+Function         Bfn.  Coefficient  Atom+Function  
  ----- ------------  ---------------      ----- ------------  ---------------
     2      0.665449  1 H  s                  1      0.427430  1 H  s          

 Vector    2  Occ=0.000000D+00  E= 1.072618D+00
              MO Center=  0.0D+00,  0.0D+00,  0.0D+00, r^2= 1.2D+00
   Bfn.  Coefficient  Atom+Function         Bfn.  Coefficient  Atom+Function  
  ----- ------------  ---------------      ----- ------------  ---------------
     1      1.257798  1 H  s                  2     -1.149752  1 H  s          


 Task  times  cpu:        0.0s     wall:        0.2s


                                NWChem Input Module
                                -------------------



                                NWChem WFN1 Module
                                ------------------



      Superposition of Atomic Density Guess
      -------------------------------------

 Sum of atomic energies:          -0.49823254

      Non-variational initial energy
      ------------------------------

 Total energy =      -0.498233
 1-e energy   =      -0.498233
 2-e energy   =       0.000000
 HOMO         =      -0.498233
 LUMO         =       0.460935

 iteration              energy           error          err Na          err Nb          err Ca          err Cb
 ---------              ------           -----          ------          ------          ------          ------
         1         -0.79652349        0.058117        0.000000        0.000000        0.003178        0.054940
         2         -0.79720086        0.019979        0.000000        0.000000        0.000001        0.019977
         3         -0.79720117        0.007369        0.000000        0.000000        0.000000        0.007369
         4         -0.79720117        0.000001        0.000000        0.000000        0.000000        0.000001

 Reached Convergence

 WFN1                     :
 --------------------------
 Total WFN1 energy =          -0.7972011693
 1-Electron energy =          -0.1887805280
 2-Electron energy =           0.0000000000
 Entropy energy    =          -0.6084206414
 Nuclear energy    =           0.0000000000

 conventional Hartree-Fock:
 --------------------------
 Total SCF energy  =          -0.6977097847
 2-Electron energy =           0.0994913846


      Natural orbital occupation numbers

          Alpha     Beta
         ------   ------
     1   0.6774   0.0000
     2   0.3226   0.0000

                     WFN1 Final Correlation function energies
                     ----------------------------------------

              alpha       beta  
            --------    --------
       1     -0.0186     -1.3097
       2      0.4366     -0.3522

                  WFN1 Final alpha Correlation Function Analysis
                  ----------------------------------------------


 global array: Ca[1:2,1:2],  handle: -988 

            1           2  
       ----------- -----------
   1       0.82303     0.56800
   2      -0.56800     0.82303

                   WFN1 Final beta Correlation Function Analysis
                   ---------------------------------------------


 global array: Cb[1:2,1:2],  handle: -987 

            1           2  
       ----------- -----------
   1       1.00000    -0.00055
   2       0.00055     1.00000

                     WFN1 Final Alpha Natural Orbital Analysis
                     -----------------------------------------

 Vector    1  Occ=6.773740D-01  E=-1.864922D-02
              MO Center=  0.0D+00,  0.0D+00,  0.0D+00, r^2= 8.0D-01
   Bfn.  Coefficient  Atom+Function         Bfn.  Coefficient  Atom+Function  
  ----- ------------  ---------------      ----- ------------  ---------------
     2      0.665449  1 H  s                  1      0.427430  1 H  s          

 Vector    2  Occ=3.226260D-01  E= 4.366091D-01
              MO Center=  0.0D+00,  0.0D+00,  0.0D+00, r^2= 1.2D+00
   Bfn.  Coefficient  Atom+Function         Bfn.  Coefficient  Atom+Function  
  ----- ------------  ---------------      ----- ------------  ---------------
     1      1.257798  1 H  s                  2     -1.149752  1 H  s          


                     WFN1 Final Beta Natural Orbital Analysis
                     ----------------------------------------

 Vector    1  Occ=0.000000D+00  E=-1.309719D+00
              MO Center=  0.0D+00,  0.0D+00,  0.0D+00, r^2= 8.0D-01
   Bfn.  Coefficient  Atom+Function         Bfn.  Coefficient  Atom+Function  
  ----- ------------  ---------------      ----- ------------  ---------------
     2      0.665449  1 H  s                  1      0.427430  1 H  s          

 Vector    2  Occ=0.000000D+00  E=-3.521939D-01
              MO Center=  0.0D+00,  0.0D+00,  0.0D+00, r^2= 1.2D+00
   Bfn.  Coefficient  Atom+Function         Bfn.  Coefficient  Atom+Function  
  ----- ------------  ---------------      ----- ------------  ---------------
     1      1.257798  1 H  s                  2     -1.149752  1 H  s          


 Task  times  cpu:        0.0s     wall:        0.0s


                                NWChem Input Module
                                -------------------


 Summary of allocated global arrays
-----------------------------------
  No active global arrays



                         GA Statistics for process    0
                         ------------------------------

       create   destroy   get      put      acc     scatter   gather  read&inc
calls:   88       88     4352      468     1798        0        0        4     
number of processes/call 1.00e+00 1.00e+00 1.00e+00 0.00e+00 0.00e+00
bytes total:             1.20e+05 1.32e+04 5.70e+04 0.00e+00 0.00e+00 3.20e+01
bytes remote:            0.00e+00 0.00e+00 0.00e+00 0.00e+00 0.00e+00 0.00e+00
Max memory consumed for GA by this process: 1088 bytes

MA_summarize_allocated_blocks: starting scan ...
MA_summarize_allocated_blocks: scan completed: 0 heap blocks, 0 stack blocks
MA usage statistics:

	allocation statistics:
					      heap	     stack
					      ----	     -----
	current number of blocks	         0	         0
	maximum number of blocks	        16	         5
	current total bytes		         0	         0
	maximum total bytes		     80120	  22508664
	maximum total K-bytes		        81	     22509
	maximum total M-bytes		         1	        23


                                     CITATION
                                     --------
                Please cite the following reference when publishing
                           results obtained with NWChem:

                 M. Valiev, E.J. Bylaska, N. Govind, K. Kowalski,
              T.P. Straatsma, H.J.J. van Dam, D. Wang, J. Nieplocha,
                        E. Apra, T.L. Windus, W.A. de Jong
                 "NWChem: a comprehensive and scalable open-source
                  solution for large scale molecular simulations"
                      Comput. Phys. Commun. 181, 1477 (2010)
                           doi:10.1016/j.cpc.2010.04.018

                                      AUTHORS
                                      -------
          E. Apra, E. J. Bylaska, W. A. de Jong, N. Govind, K. Kowalski,
       T. P. Straatsma, M. Valiev, H. J. J. van Dam, D. Wang, T. L. Windus,
        J. Hammond, J. Autschbach, K. Bhaskaran-Nair, J. Brabec, K. Lopata,
    S. A. Fischer, S. Krishnamoorthy, M. Jacquelin, W. Ma, M. Klemm, O. Villa,
      Y. Chen, V. Anisimov, F. Aquino, S. Hirata, M. T. Hackler, V. Konjkov,
      T. Risthaus, M. Malagoli, A. Marenich, A. Otero-de-la-Roza, J. Mullin,
        P. Nichols, R. Peverati, J. Pittner, Y. Zhao, P.-D. Fan, A. Fonari,
       M. Williamson, R. J. Harrison, J. R. Rehr, M. Dupuis, D. Silverstein,
    D. M. A. Smith, J. Nieplocha, V. Tipparaju, M. Krishnan, B. E. Van Kuiken,
        A. Vazquez-Mayagoitia, L. Jensen, M. Swart, Q. Wu, T. Van Voorhis,
     A. A. Auer, M. Nooijen, L. D. Crosby, E. Brown, G. Cisneros, G. I. Fann,
   H. Fruchtl, J. Garza, K. Hirao, R. A. Kendall, J. A. Nichols, K. Tsemekhman,
    K. Wolinski, J. Anchell, D. E. Bernholdt, P. Borowski, T. Clark, D. Clerc,
   H. Dachsel, M. J. O. Deegan, K. Dyall, D. Elwood, E. Glendening, M. Gutowski,
   A. C. Hess, J. Jaffe, B. G. Johnson, J. Ju, R. Kobayashi, R. Kutteh, Z. Lin,
   R. Littlefield, X. Long, B. Meng, T. Nakajima, S. Niu, L. Pollack, M. Rosing,
   K. Glaesemann, G. Sandrone, M. Stave, H. Taylor, G. Thomas, J. H. van Lenthe,
                               A. T. Wong, Z. Zhang.

 Total times  cpu:        0.0s     wall:        0.4s
