 argument  1 = wfn1_he.nw



============================== echo of input deck ==============================
echo
start wfn1_he_dat

geometry
  he 0 0 0
end
basis
  * library 6-31g*
end

set wfn1:print_error T
set wfn1:maxit 20
set wfn1:t_bath 0.0

task wfn1 energy

set wfn1:print_error T
set wfn1:maxit 50
set wfn1:t_bath 0.5

task wfn1 energy
================================================================================


                                         
                                         


              Northwest Computational Chemistry Package (NWChem) 6.8
              ------------------------------------------------------


                    Environmental Molecular Sciences Laboratory
                       Pacific Northwest National Laboratory
                                Richland, WA 99352

                              Copyright (c) 1994-2015
                       Pacific Northwest National Laboratory
                            Battelle Memorial Institute

             NWChem is an open-source computational chemistry package
                        distributed under the terms of the
                      Educational Community License (ECL) 2.0
             A copy of the license is included with this distribution
                              in the LICENSE.TXT file

                                  ACKNOWLEDGMENT
                                  --------------

            This software and its documentation were developed at the
            EMSL at Pacific Northwest National Laboratory, a multiprogram
            national laboratory, operated for the U.S. Department of Energy
            by Battelle under Contract Number DE-AC05-76RL01830. Support
            for this work was provided by the Department of Energy Office
            of Biological and Environmental Research, Office of Basic
            Energy Sciences, and the Office of Advanced Scientific Computing.


           Job information
           ---------------

    hostname        = erato
    program         = ../../../bin/LINUX64/nwchem
    date            = Sat Apr 21 23:18:05 2018

    compiled        = Sat_Apr_21_22:48:35_2018
    source          = /home/hvandam/nwchem-1-wfn1
    nwchem branch   = Development
    nwchem revision = nwchem_on_git-51-gcccac83fc2a4226c5c513281d68ab773edcb0a0d
    ga revision     = nwchem_on_git-43-g1da910a
    use scalapack   = F
    input           = wfn1_he.nw
    prefix          = wfn1_he_dat.
    data base       = ./wfn1_he_dat.db
    status          = startup
    nproc           =        1
    time left       =     -1s



           Memory information
           ------------------

    heap     =   13107194 doubles =    100.0 Mbytes
    stack    =   13107199 doubles =    100.0 Mbytes
    global   =   26214400 doubles =    200.0 Mbytes (distinct from heap & stack)
    total    =   52428793 doubles =    400.0 Mbytes
    verify   = yes
    hardfail = no 


           Directory information
           ---------------------

  0 permanent = .
  0 scratch   = .




                                NWChem Input Module
                                -------------------



 Scaling coordinates for geometry "geometry" by  1.889725989
 (inverse scale =  0.529177249)



                             Geometry "geometry" -> ""
                             -------------------------

 Output coordinates in angstroms (scale by  1.889725989 to convert to a.u.)

  No.       Tag          Charge          X              Y              Z
 ---- ---------------- ---------- -------------- -------------- --------------
    1 he                   2.0000     0.00000000     0.00000000     0.00000000

      Atomic Mass 
      ----------- 

      he                 4.002600


 Effective nuclear repulsion energy (a.u.)       0.0000000000

            Nuclear Dipole moment (a.u.) 
            ----------------------------
        X                 Y               Z
 ---------------- ---------------- ----------------
     0.0000000000     0.0000000000     0.0000000000


            XYZ format geometry
            -------------------
     1
 geometry
 he                    0.00000000     0.00000000     0.00000000



 Summary of "ao basis" -> "" (cartesian)
 ------------------------------------------------------------------------------
       Tag                 Description            Shells   Functions and Types
 ---------------- ------------------------------  ------  ---------------------
 *                           6-31g*                   on all atoms 



                                NWChem WFN1 Module
                                ------------------


                      Basis "ao basis" -> "ao basis" (cartesian)
                      -----
  he (Helium)
  -----------
            Exponent  Coefficients 
       -------------- ---------------------------------------------------------
  1 S  3.84216340E+01  0.023766
  1 S  5.77803000E+00  0.154679
  1 S  1.24177400E+00  0.469630

  2 S  2.97964000E-01  1.000000



 Summary of "ao basis" -> "ao basis" (cartesian)
 ------------------------------------------------------------------------------
       Tag                 Description            Shells   Functions and Types
 ---------------- ------------------------------  ------  ---------------------
 he                          6-31g*                  2        2   2s



      Superposition of Atomic Density Guess
      -------------------------------------

 Sum of atomic energies:          -2.85516040

      Non-variational initial energy
      ------------------------------

 Total energy =      -2.855160
 1-e energy   =      -3.882067
 2-e energy   =       1.026907
 HOMO         =      -0.914127
 LUMO         =       1.399859

 iteration              energy           error          err Na          err Nb          err Ca          err Cb
 ---------              ------           -----          ------          ------          ------          ------
         0         -2.85516043        0.000000        0.000000        0.000000        0.000000        0.000000

 Reached Convergence

 WFN1                     :
 --------------------------
 Total WFN1 energy =          -2.8551604262
 1-Electron energy =          -3.8820675878
 2-Electron energy =           1.0269071617
 Entropy energy    =           0.0000000000
 Nuclear energy    =           0.0000000000

 conventional Hartree-Fock:
 --------------------------
 Total SCF energy  =          -2.8551604262
 2-Electron energy =           1.0269071617


      Natural orbital occupation numbers

          Alpha     Beta
         ------   ------
     1   1.0000   1.0000
     2   0.0000   0.0000

                     WFN1 Final Correlation function energies
                     ----------------------------------------

              alpha       beta  
            --------    --------
       1     -0.9141     -0.9141
       2      1.3999      1.3999

                  WFN1 Final alpha Correlation Function Analysis
                  ----------------------------------------------


 global array: Ca[1:2,1:2],  handle: -988 

            1           2  
       ----------- -----------
   1       1.00000    -0.00000
   2      -0.00000     1.00000

                   WFN1 Final beta Correlation Function Analysis
                   ---------------------------------------------


 global array: Cb[1:2,1:2],  handle: -987 

            1           2  
       ----------- -----------
   1       1.00000    -0.00000
   2      -0.00000     1.00000

                     WFN1 Final Alpha Natural Orbital Analysis
                     -----------------------------------------

 Vector    1  Occ=1.000000D+00  E=-9.141266D-01
              MO Center=  0.0D+00,  0.0D+00,  0.0D+00, r^2= 3.3D-01
   Bfn.  Coefficient  Atom+Function         Bfn.  Coefficient  Atom+Function  
  ----- ------------  ---------------      ----- ------------  ---------------
     1     -0.592081  1 He s                  2     -0.513586  1 He s          

 Vector    2  Occ=0.000000D+00  E= 1.399859D+00
              MO Center=  0.0D+00,  0.0D+00,  0.0D+00, r^2= 7.3D-01
   Bfn.  Coefficient  Atom+Function         Bfn.  Coefficient  Atom+Function  
  ----- ------------  ---------------      ----- ------------  ---------------
     2     -1.186959  1 He s                  1      1.149818  1 He s          


                     WFN1 Final Beta Natural Orbital Analysis
                     ----------------------------------------

 Vector    1  Occ=1.000000D+00  E=-9.141266D-01
              MO Center=  0.0D+00,  0.0D+00,  0.0D+00, r^2= 3.3D-01
   Bfn.  Coefficient  Atom+Function         Bfn.  Coefficient  Atom+Function  
  ----- ------------  ---------------      ----- ------------  ---------------
     1     -0.592081  1 He s                  2     -0.513586  1 He s          

 Vector    2  Occ=0.000000D+00  E= 1.399859D+00
              MO Center=  0.0D+00,  0.0D+00,  0.0D+00, r^2= 7.3D-01
   Bfn.  Coefficient  Atom+Function         Bfn.  Coefficient  Atom+Function  
  ----- ------------  ---------------      ----- ------------  ---------------
     2     -1.186959  1 He s                  1      1.149818  1 He s          


 Task  times  cpu:        0.0s     wall:        0.0s


                                NWChem Input Module
                                -------------------



                                NWChem WFN1 Module
                                ------------------



      Superposition of Atomic Density Guess
      -------------------------------------

 Sum of atomic energies:          -2.85516040

      Non-variational initial energy
      ------------------------------

 Total energy =      -2.855160
 1-e energy   =      -3.882067
 2-e energy   =       1.026907
 HOMO         =      -0.914127
 LUMO         =       1.399859

 iteration              energy           error          err Na          err Nb          err Ca          err Cb
 ---------              ------           -----          ------          ------          ------          ------
         1         -3.07667284        0.001326        0.000063        0.000063        0.000600        0.000600
         2         -3.07675257        0.001218        0.000000        0.000000        0.000609        0.000609
         3         -3.07709870        0.000001        0.000000        0.000000        0.000000        0.000000

 Reached Convergence

 WFN1                     :
 --------------------------
 Total WFN1 energy =          -3.0770987046
 1-Electron energy =          -3.1775678039
 2-Electron energy =           0.9693838520
 Entropy energy    =          -0.8689147527
 Nuclear energy    =           0.0000000000

 conventional Hartree-Fock:
 --------------------------
 Total SCF energy  =          -2.8819989190
 2-Electron energy =           1.1644836376


      Natural orbital occupation numbers

          Alpha     Beta
         ------   ------
     1   0.8087   0.8087
     2   0.1913   0.1913

                     WFN1 Final Correlation function energies
                     ----------------------------------------

              alpha       beta  
            --------    --------
       1     -0.0956     -0.0956
       2      0.5354      0.5354

                  WFN1 Final alpha Correlation Function Analysis
                  ----------------------------------------------


 global array: Ca[1:2,1:2],  handle: -984 

            1           2  
       ----------- -----------
   1       0.89926     0.43742
   2      -0.43742     0.89926

                   WFN1 Final beta Correlation Function Analysis
                   ---------------------------------------------


 global array: Cb[1:2,1:2],  handle: -983 

            1           2  
       ----------- -----------
   1       0.89926     0.43742
   2      -0.43742     0.89926

                     WFN1 Final Alpha Natural Orbital Analysis
                     -----------------------------------------

 Vector    1  Occ=8.086626D-01  E=-9.558260D-02
              MO Center=  0.0D+00,  0.0D+00,  0.0D+00, r^2= 3.2D-01
   Bfn.  Coefficient  Atom+Function         Bfn.  Coefficient  Atom+Function  
  ----- ------------  ---------------      ----- ------------  ---------------
     1     -0.598546  1 He s                  2     -0.506895  1 He s          

 Vector    2  Occ=1.913374D-01  E= 5.354350D-01
              MO Center=  0.0D+00,  0.0D+00,  0.0D+00, r^2= 7.3D-01
   Bfn.  Coefficient  Atom+Function         Bfn.  Coefficient  Atom+Function  
  ----- ------------  ---------------      ----- ------------  ---------------
     2     -1.189832  1 He s                  1      1.146466  1 He s          


                     WFN1 Final Beta Natural Orbital Analysis
                     ----------------------------------------

 Vector    1  Occ=8.086626D-01  E=-9.558260D-02
              MO Center=  0.0D+00,  0.0D+00,  0.0D+00, r^2= 3.2D-01
   Bfn.  Coefficient  Atom+Function         Bfn.  Coefficient  Atom+Function  
  ----- ------------  ---------------      ----- ------------  ---------------
     1     -0.598546  1 He s                  2     -0.506895  1 He s          

 Vector    2  Occ=1.913374D-01  E= 5.354350D-01
              MO Center=  0.0D+00,  0.0D+00,  0.0D+00, r^2= 7.3D-01
   Bfn.  Coefficient  Atom+Function         Bfn.  Coefficient  Atom+Function  
  ----- ------------  ---------------      ----- ------------  ---------------
     2     -1.189832  1 He s                  1      1.146466  1 He s          


 Task  times  cpu:        0.0s     wall:        0.0s


                                NWChem Input Module
                                -------------------


 Summary of allocated global arrays
-----------------------------------
  No active global arrays



                         GA Statistics for process    0
                         ------------------------------

       create   destroy   get      put      acc     scatter   gather  read&inc
calls:   90       90     3839      431     1594        0        0        8     
number of processes/call 1.00e+00 1.00e+00 1.00e+00 0.00e+00 0.00e+00
bytes total:             1.06e+05 1.20e+04 5.04e+04 0.00e+00 0.00e+00 6.40e+01
bytes remote:            0.00e+00 0.00e+00 0.00e+00 0.00e+00 0.00e+00 0.00e+00
Max memory consumed for GA by this process: 1088 bytes

MA_summarize_allocated_blocks: starting scan ...
MA_summarize_allocated_blocks: scan completed: 0 heap blocks, 0 stack blocks
MA usage statistics:

	allocation statistics:
					      heap	     stack
					      ----	     -----
	current number of blocks	         0	         0
	maximum number of blocks	        18	        17
	current total bytes		         0	         0
	maximum total bytes		   3203352	  22508632
	maximum total K-bytes		      3204	     22509
	maximum total M-bytes		         4	        23


                                     CITATION
                                     --------
                Please cite the following reference when publishing
                           results obtained with NWChem:

                 M. Valiev, E.J. Bylaska, N. Govind, K. Kowalski,
              T.P. Straatsma, H.J.J. van Dam, D. Wang, J. Nieplocha,
                        E. Apra, T.L. Windus, W.A. de Jong
                 "NWChem: a comprehensive and scalable open-source
                  solution for large scale molecular simulations"
                      Comput. Phys. Commun. 181, 1477 (2010)
                           doi:10.1016/j.cpc.2010.04.018

                                      AUTHORS
                                      -------
          E. Apra, E. J. Bylaska, W. A. de Jong, N. Govind, K. Kowalski,
       T. P. Straatsma, M. Valiev, H. J. J. van Dam, D. Wang, T. L. Windus,
        J. Hammond, J. Autschbach, K. Bhaskaran-Nair, J. Brabec, K. Lopata,
    S. A. Fischer, S. Krishnamoorthy, M. Jacquelin, W. Ma, M. Klemm, O. Villa,
      Y. Chen, V. Anisimov, F. Aquino, S. Hirata, M. T. Hackler, V. Konjkov,
      T. Risthaus, M. Malagoli, A. Marenich, A. Otero-de-la-Roza, J. Mullin,
        P. Nichols, R. Peverati, J. Pittner, Y. Zhao, P.-D. Fan, A. Fonari,
       M. Williamson, R. J. Harrison, J. R. Rehr, M. Dupuis, D. Silverstein,
    D. M. A. Smith, J. Nieplocha, V. Tipparaju, M. Krishnan, B. E. Van Kuiken,
        A. Vazquez-Mayagoitia, L. Jensen, M. Swart, Q. Wu, T. Van Voorhis,
     A. A. Auer, M. Nooijen, L. D. Crosby, E. Brown, G. Cisneros, G. I. Fann,
   H. Fruchtl, J. Garza, K. Hirao, R. A. Kendall, J. A. Nichols, K. Tsemekhman,
    K. Wolinski, J. Anchell, D. E. Bernholdt, P. Borowski, T. Clark, D. Clerc,
   H. Dachsel, M. J. O. Deegan, K. Dyall, D. Elwood, E. Glendening, M. Gutowski,
   A. C. Hess, J. Jaffe, B. G. Johnson, J. Ju, R. Kobayashi, R. Kutteh, Z. Lin,
   R. Littlefield, X. Long, B. Meng, T. Nakajima, S. Niu, L. Pollack, M. Rosing,
   K. Glaesemann, G. Sandrone, M. Stave, H. Taylor, G. Thomas, J. H. van Lenthe,
                               A. T. Wong, Z. Zhang.

 Total times  cpu:        0.0s     wall:        0.1s
