 argument  1 = wfn1_he_vx.nw



============================== echo of input deck ==============================
echo
start wfn1_he_dat

geometry
  he 0 0 0
end
basis
  * library 6-31g*
end

set wfn1:corr_expr "wfn1_vx"
set wfn1:print_error T
set wfn1:maxit 20
set wfn1:t_bath 0.0

task wfn1 energy

set wfn1:corr_expr "wfn1_vx"
set wfn1:print_error T
set wfn1:maxit 200
set wfn1:t_bath 0.5

task wfn1 energy
================================================================================


                                         
                                         


              Northwest Computational Chemistry Package (NWChem) 6.8
              ------------------------------------------------------


                    Environmental Molecular Sciences Laboratory
                       Pacific Northwest National Laboratory
                                Richland, WA 99352

                              Copyright (c) 1994-2015
                       Pacific Northwest National Laboratory
                            Battelle Memorial Institute

             NWChem is an open-source computational chemistry package
                        distributed under the terms of the
                      Educational Community License (ECL) 2.0
             A copy of the license is included with this distribution
                              in the LICENSE.TXT file

                                  ACKNOWLEDGMENT
                                  --------------

            This software and its documentation were developed at the
            EMSL at Pacific Northwest National Laboratory, a multiprogram
            national laboratory, operated for the U.S. Department of Energy
            by Battelle under Contract Number DE-AC05-76RL01830. Support
            for this work was provided by the Department of Energy Office
            of Biological and Environmental Research, Office of Basic
            Energy Sciences, and the Office of Advanced Scientific Computing.


           Job information
           ---------------

    hostname        = erato
    program         = ../../../bin/LINUX64/nwchem
    date            = Sun Apr 22 17:53:13 2018

    compiled        = Sat_Apr_21_22:48:35_2018
    source          = /home/hvandam/nwchem-1-wfn1
    nwchem branch   = Development
    nwchem revision = nwchem_on_git-51-gcccac83fc2a4226c5c513281d68ab773edcb0a0d
    ga revision     = nwchem_on_git-43-g1da910a
    use scalapack   = F
    input           = wfn1_he_vx.nw
    prefix          = wfn1_he_dat.
    data base       = ./wfn1_he_dat.db
    status          = startup
    nproc           =        1
    time left       =     -1s



           Memory information
           ------------------

    heap     =   13107194 doubles =    100.0 Mbytes
    stack    =   13107199 doubles =    100.0 Mbytes
    global   =   26214400 doubles =    200.0 Mbytes (distinct from heap & stack)
    total    =   52428793 doubles =    400.0 Mbytes
    verify   = yes
    hardfail = no 


           Directory information
           ---------------------

  0 permanent = .
  0 scratch   = .




                                NWChem Input Module
                                -------------------



 Scaling coordinates for geometry "geometry" by  1.889725989
 (inverse scale =  0.529177249)



                             Geometry "geometry" -> ""
                             -------------------------

 Output coordinates in angstroms (scale by  1.889725989 to convert to a.u.)

  No.       Tag          Charge          X              Y              Z
 ---- ---------------- ---------- -------------- -------------- --------------
    1 he                   2.0000     0.00000000     0.00000000     0.00000000

      Atomic Mass 
      ----------- 

      he                 4.002600


 Effective nuclear repulsion energy (a.u.)       0.0000000000

            Nuclear Dipole moment (a.u.) 
            ----------------------------
        X                 Y               Z
 ---------------- ---------------- ----------------
     0.0000000000     0.0000000000     0.0000000000


            XYZ format geometry
            -------------------
     1
 geometry
 he                    0.00000000     0.00000000     0.00000000



 Summary of "ao basis" -> "" (cartesian)
 ------------------------------------------------------------------------------
       Tag                 Description            Shells   Functions and Types
 ---------------- ------------------------------  ------  ---------------------
 *                           6-31g*                   on all atoms 



                                NWChem WFN1 Module
                                ------------------


                      Basis "ao basis" -> "ao basis" (cartesian)
                      -----
  he (Helium)
  -----------
            Exponent  Coefficients 
       -------------- ---------------------------------------------------------
  1 S  3.84216340E+01  0.023766
  1 S  5.77803000E+00  0.154679
  1 S  1.24177400E+00  0.469630

  2 S  2.97964000E-01  1.000000



 Summary of "ao basis" -> "ao basis" (cartesian)
 ------------------------------------------------------------------------------
       Tag                 Description            Shells   Functions and Types
 ---------------- ------------------------------  ------  ---------------------
 he                          6-31g*                  2        2   2s



      Superposition of Atomic Density Guess
      -------------------------------------

 Sum of atomic energies:          -2.85516040

      Non-variational initial energy
      ------------------------------

 Total energy =      -2.855160
 1-e energy   =      -3.882067
 2-e energy   =       1.026907
 HOMO         =      -0.914127
 LUMO         =       1.399859

 iteration              energy           error          err Na          err Nb          err Ca          err Cb
 ---------              ------           -----          ------          ------          ------          ------
         0         -2.85516043        0.000000        0.000000        0.000000        0.000000        0.000000

 Reached Convergence

 WFN1                     :
 --------------------------
 Total WFN1 energy =          -2.8551604262
 1-Electron energy =          -3.8820675878
 2-Electron energy =           1.0269071617
 Entropy energy    =           0.0000000000
 Nuclear energy    =           0.0000000000

 conventional Hartree-Fock:
 --------------------------
 Total SCF energy  =          -2.8551604262
 2-Electron energy =           1.0269071617


      Natural orbital occupation numbers

          Alpha     Beta
         ------   ------
     1   1.0000   1.0000
     2   0.0000   0.0000

                     WFN1 Final Correlation function energies
                     ----------------------------------------

              alpha       beta  
            --------    --------
       1     -0.9141     -0.9141
       2      1.3999      1.3999

                  WFN1 Final alpha Correlation Function Analysis
                  ----------------------------------------------


 global array: Ca[1:2,1:2],  handle: -988 

            1           2  
       ----------- -----------
   1       1.00000    -0.00000
   2      -0.00000     1.00000

                   WFN1 Final beta Correlation Function Analysis
                   ---------------------------------------------


 global array: Cb[1:2,1:2],  handle: -987 

            1           2  
       ----------- -----------
   1       1.00000    -0.00000
   2      -0.00000     1.00000

                     WFN1 Final Alpha Natural Orbital Analysis
                     -----------------------------------------

 Vector    1  Occ=1.000000D+00  E=-9.141266D-01
              MO Center=  0.0D+00,  0.0D+00,  0.0D+00, r^2= 3.3D-01
   Bfn.  Coefficient  Atom+Function         Bfn.  Coefficient  Atom+Function  
  ----- ------------  ---------------      ----- ------------  ---------------
     1     -0.592081  1 He s                  2     -0.513586  1 He s          

 Vector    2  Occ=0.000000D+00  E= 1.399859D+00
              MO Center=  0.0D+00,  0.0D+00,  0.0D+00, r^2= 7.3D-01
   Bfn.  Coefficient  Atom+Function         Bfn.  Coefficient  Atom+Function  
  ----- ------------  ---------------      ----- ------------  ---------------
     2     -1.186959  1 He s                  1      1.149818  1 He s          


                     WFN1 Final Beta Natural Orbital Analysis
                     ----------------------------------------

 Vector    1  Occ=1.000000D+00  E=-9.141266D-01
              MO Center=  0.0D+00,  0.0D+00,  0.0D+00, r^2= 3.3D-01
   Bfn.  Coefficient  Atom+Function         Bfn.  Coefficient  Atom+Function  
  ----- ------------  ---------------      ----- ------------  ---------------
     1     -0.592081  1 He s                  2     -0.513586  1 He s          

 Vector    2  Occ=0.000000D+00  E= 1.399859D+00
              MO Center=  0.0D+00,  0.0D+00,  0.0D+00, r^2= 7.3D-01
   Bfn.  Coefficient  Atom+Function         Bfn.  Coefficient  Atom+Function  
  ----- ------------  ---------------      ----- ------------  ---------------
     2     -1.186959  1 He s                  1      1.149818  1 He s          


 Task  times  cpu:        0.0s     wall:        0.0s


                                NWChem Input Module
                                -------------------



                                NWChem WFN1 Module
                                ------------------



      Superposition of Atomic Density Guess
      -------------------------------------

 Sum of atomic energies:          -2.85516040

      Non-variational initial energy
      ------------------------------

 Total energy =      -2.855160
 1-e energy   =      -3.882067
 2-e energy   =       1.026907
 HOMO         =      -0.914127
 LUMO         =       1.399859

 iteration              energy           error          err Na          err Nb          err Ca          err Cb
 ---------              ------           -----          ------          ------          ------          ------
         1         -3.06706914        0.020142        0.000042        0.000042        0.010029        0.010029
         2         -3.06712727        0.019994        0.000000        0.000000        0.009997        0.009997
         3         -3.07702935        0.102667        0.000004        0.000004        0.051329        0.051329
         4         -3.07703448        0.102604        0.000000        0.000000        0.051302        0.051302
         5         -3.07709897        0.093697        0.000000        0.000000        0.046848        0.046848
         6         -3.07709897        0.093776        0.000000        0.000000        0.046888        0.046888
         7         -3.03185419        0.000243        0.000018        0.000018        0.000104        0.000104
         8         -3.03188171        0.000202        0.000000        0.000000        0.000101        0.000101
         9         -3.07680177        0.076965        0.000013        0.000013        0.038470        0.038470
        10         -3.07681833        0.076860        0.000000        0.000000        0.038430        0.038430
        11         -3.07709673        0.092229        0.000000        0.000000        0.046114        0.046114
        12         -3.07709885        0.093630        0.000000        0.000000        0.046815        0.046815
        13         -3.07709887        0.093771        0.000000        0.000000        0.046885        0.046885
        14         -3.07709887        0.093787        0.000000        0.000000        0.046893        0.046893
        15         -3.04079484        0.000189        0.000011        0.000011        0.000083        0.000083
        16         -3.04081142        0.000171        0.000000        0.000000        0.000086        0.000086
        17         -3.07707558        0.090838        0.000012        0.000012        0.045407        0.045407
        18         -3.07709068        0.090731        0.000000        0.000000        0.045366        0.045366
        19         -3.07709879        0.093297        0.000000        0.000000        0.046648        0.046648
        20         -3.07709900        0.093723        0.000000        0.000000        0.046862        0.046862
        21         -3.07709900        0.093778        0.000000        0.000000        0.046889        0.046889
        22         -3.03185347        0.000239        0.000016        0.000016        0.000104        0.000104
        23         -3.07681825        0.076854        0.000000        0.000000        0.038427        0.038427
        24         -3.07709686        0.092227        0.000000        0.000000        0.046114        0.046114
        25         -3.07709898        0.093629        0.000000        0.000000        0.046815        0.046815
        26         -3.07709900        0.093770        0.000000        0.000000        0.046885        0.046885
        27         -3.03185406        0.000239        0.000016        0.000016        0.000104        0.000104
        28         -3.03187880        0.000202        0.000000        0.000000        0.000101        0.000101
        29         -3.07680154        0.076959        0.000013        0.000013        0.038466        0.038466
        30         -3.07681810        0.076854        0.000000        0.000000        0.038427        0.038427
        31         -3.07709673        0.092228        0.000000        0.000000        0.046114        0.046114
        32         -3.07709885        0.093630        0.000000        0.000000        0.046815        0.046815
        33         -3.07709887        0.093771        0.000000        0.000000        0.046885        0.046885
        34         -3.03185319        0.000235        0.000014        0.000014        0.000104        0.000104
        35         -3.07681803        0.076852        0.000000        0.000000        0.038426        0.038426
        36         -3.07709673        0.092228        0.000000        0.000000        0.046114        0.046114
        37         -3.07709885        0.093630        0.000000        0.000000        0.046815        0.046815
        38         -3.07709887        0.093771        0.000000        0.000000        0.046885        0.046885
        39         -3.07709887        0.093785        0.000000        0.000000        0.046893        0.046893
        40         -3.07709887        0.093787        0.000000        0.000000        0.046893        0.046893
        41         -3.03185209        0.000235        0.000014        0.000014        0.000104        0.000104
        42         -3.03187355        0.000202        0.000000        0.000000        0.000101        0.000101
        43         -3.07680112        0.076947        0.000013        0.000013        0.038460        0.038460
        44         -3.07681769        0.076842        0.000000        0.000000        0.038421        0.038421
        45         -3.07709673        0.092227        0.000000        0.000000        0.046114        0.046114
        46         -3.07709885        0.093630        0.000000        0.000000        0.046815        0.046815
        47         -3.07709887        0.093771        0.000000        0.000000        0.046885        0.046885
        48         -3.03185319        0.000235        0.000014        0.000014        0.000104        0.000104
        49         -3.07681803        0.076852        0.000000        0.000000        0.038426        0.038426
        50         -3.07709673        0.092228        0.000000        0.000000        0.046114        0.046114
        51         -3.07709885        0.093630        0.000000        0.000000        0.046815        0.046815
        52         -3.07709887        0.093771        0.000000        0.000000        0.046885        0.046885
        53         -3.07709887        0.093783        0.000000        0.000000        0.046891        0.046891
        54         -3.07709887        0.093787        0.000000        0.000000        0.046893        0.046893
        55         -3.03185210        0.000235        0.000014        0.000014        0.000104        0.000104
        56         -3.03187355        0.000202        0.000000        0.000000        0.000101        0.000101
        57         -3.07680112        0.076947        0.000013        0.000013        0.038460        0.038460
        58         -3.07681769        0.076842        0.000000        0.000000        0.038421        0.038421
        59         -3.07709673        0.092227        0.000000        0.000000        0.046114        0.046114
        60         -3.07709885        0.093630        0.000000        0.000000        0.046815        0.046815
        61         -3.07709887        0.093771        0.000000        0.000000        0.046885        0.046885
        62         -3.07709887        0.093785        0.000000        0.000000        0.046893        0.046893
        63         -3.07709887        0.093787        0.000000        0.000000        0.046893        0.046893
        64         -3.03185210        0.000235        0.000014        0.000014        0.000104        0.000104
        65         -3.07681794        0.076849        0.000000        0.000000        0.038425        0.038425
        66         -3.07709673        0.092228        0.000000        0.000000        0.046114        0.046114
        67         -3.07709885        0.093630        0.000000        0.000000        0.046815        0.046815
        68         -3.07709887        0.093771        0.000000        0.000000        0.046885        0.046885
        69         -3.07709887        0.093785        0.000000        0.000000        0.046892        0.046892
        70         -3.07709887        0.093787        0.000000        0.000000        0.046893        0.046893
        71         -3.03185210        0.000235        0.000014        0.000014        0.000104        0.000104
        72         -3.03187356        0.000202        0.000000        0.000000        0.000101        0.000101
        73         -3.07680113        0.076947        0.000013        0.000013        0.038460        0.038460
        74         -3.07681769        0.076842        0.000000        0.000000        0.038421        0.038421
        75         -3.07709673        0.092227        0.000000        0.000000        0.046114        0.046114
        76         -3.07709885        0.093630        0.000000        0.000000        0.046815        0.046815
        77         -3.07709887        0.093771        0.000000        0.000000        0.046885        0.046885
        78         -3.07709887        0.093786        0.000000        0.000000        0.046893        0.046893
        79         -3.07709887        0.093786        0.000000        0.000000        0.046893        0.046893
        80         -3.03185210        0.000235        0.000014        0.000014        0.000104        0.000104
        81         -3.07681794        0.076849        0.000000        0.000000        0.038425        0.038425
        82         -3.07709673        0.092228        0.000000        0.000000        0.046114        0.046114
        83         -3.07709885        0.093630        0.000000        0.000000        0.046815        0.046815
        84         -3.07709887        0.093771        0.000000        0.000000        0.046885        0.046885
        85         -3.03185319        0.000235        0.000014        0.000014        0.000104        0.000104
        86         -3.03187465        0.000202        0.000000        0.000000        0.000101        0.000101
        87         -3.07680121        0.076949        0.000013        0.000013        0.038462        0.038462
        88         -3.07681777        0.076845        0.000000        0.000000        0.038422        0.038422
        89         -3.07709673        0.092228        0.000000        0.000000        0.046114        0.046114
        90         -3.07709885        0.093630        0.000000        0.000000        0.046815        0.046815
        91         -3.07709887        0.093771        0.000000        0.000000        0.046885        0.046885
        92         -3.07709887        0.093787        0.000000        0.000000        0.046893        0.046893
        93         -3.07709887        0.093787        0.000000        0.000000        0.046893        0.046893
        94         -3.03185209        0.000235        0.000014        0.000014        0.000104        0.000104
        95         -3.07681794        0.076849        0.000000        0.000000        0.038425        0.038425
        96         -3.07709673        0.092228        0.000000        0.000000        0.046114        0.046114
        97         -3.07709885        0.093630        0.000000        0.000000        0.046815        0.046815
        98         -3.07709887        0.093771        0.000000        0.000000        0.046885        0.046885
        99         -3.07709887        0.093784        0.000000        0.000000        0.046892        0.046892
       100         -3.03185226        0.000235        0.000014        0.000014        0.000104        0.000104
       101         -3.07681795        0.076850        0.000000        0.000000        0.038425        0.038425
       102         -3.07709673        0.092228        0.000000        0.000000        0.046114        0.046114
       103         -3.07709885        0.093630        0.000000        0.000000        0.046815        0.046815
       104         -3.07709887        0.093771        0.000000        0.000000        0.046885        0.046885
       105         -3.07709887        0.093787        0.000000        0.000000        0.046893        0.046893
       106         -3.03185210        0.000235        0.000014        0.000014        0.000104        0.000104
       107         -3.07681794        0.076849        0.000000        0.000000        0.038425        0.038425
       108         -3.07709673        0.092228        0.000000        0.000000        0.046114        0.046114
       109         -3.07709885        0.093630        0.000000        0.000000        0.046815        0.046815
       110         -3.07709887        0.093771        0.000000        0.000000        0.046885        0.046885
       111         -3.07709887        0.093786        0.000000        0.000000        0.046893        0.046893
       112         -3.07709887        0.093787        0.000000        0.000000        0.046893        0.046893
       113         -3.03185210        0.000235        0.000014        0.000014        0.000104        0.000104
       114         -3.03187356        0.000202        0.000000        0.000000        0.000101        0.000101
       115         -3.07680112        0.076947        0.000013        0.000013        0.038460        0.038460
       116         -3.07681769        0.076842        0.000000        0.000000        0.038421        0.038421
       117         -3.07709673        0.092227        0.000000        0.000000        0.046114        0.046114
       118         -3.07709885        0.093630        0.000000        0.000000        0.046815        0.046815
       119         -3.07709887        0.093771        0.000000        0.000000        0.046885        0.046885
       120         -3.07709887        0.093786        0.000000        0.000000        0.046893        0.046893
       121         -3.07709887        0.093787        0.000000        0.000000        0.046893        0.046893
       122         -3.07709887        0.093786        0.000000        0.000000        0.046893        0.046893
       123         -3.07709887        0.093786        0.000000        0.000000        0.046893        0.046893
       124         -3.03185210        0.000235        0.000014        0.000014        0.000104        0.000104
       125         -3.07681794        0.076849        0.000000        0.000000        0.038425        0.038425
       126         -3.07709673        0.092228        0.000000        0.000000        0.046114        0.046114
       127         -3.07709885        0.093630        0.000000        0.000000        0.046815        0.046815
       128         -3.07709887        0.093771        0.000000        0.000000        0.046885        0.046885
       129         -3.03185319        0.000235        0.000014        0.000014        0.000104        0.000104
       130         -3.03187465        0.000202        0.000000        0.000000        0.000101        0.000101
       131         -3.07680121        0.076949        0.000013        0.000013        0.038462        0.038462
       132         -3.07681777        0.076845        0.000000        0.000000        0.038422        0.038422
       133         -3.07709673        0.092228        0.000000        0.000000        0.046114        0.046114
       134         -3.07709885        0.093630        0.000000        0.000000        0.046815        0.046815
       135         -3.07709887        0.093771        0.000000        0.000000        0.046885        0.046885
       136         -3.03185319        0.000235        0.000014        0.000014        0.000104        0.000104
       137         -3.07681803        0.076852        0.000000        0.000000        0.038426        0.038426
       138         -3.07709673        0.092228        0.000000        0.000000        0.046114        0.046114
       139         -3.07709885        0.093630        0.000000        0.000000        0.046815        0.046815
       140         -3.07709887        0.093771        0.000000        0.000000        0.046885        0.046885
       141         -3.07709887        0.093787        0.000000        0.000000        0.046893        0.046893
       142         -3.03185210        0.000235        0.000014        0.000014        0.000104        0.000104
       143         -3.07681794        0.076849        0.000000        0.000000        0.038425        0.038425
       144         -3.07709673        0.092228        0.000000        0.000000        0.046114        0.046114
       145         -3.07709885        0.093630        0.000000        0.000000        0.046815        0.046815
       146         -3.07709887        0.093771        0.000000        0.000000        0.046885        0.046885
       147         -3.07709887        0.093787        0.000000        0.000000        0.046893        0.046893
       148         -3.03185210        0.000235        0.000014        0.000014        0.000104        0.000104
       149         -3.07681794        0.076849        0.000000        0.000000        0.038425        0.038425
       150         -3.07709673        0.092228        0.000000        0.000000        0.046114        0.046114
       151         -3.07709885        0.093630        0.000000        0.000000        0.046815        0.046815
       152         -3.07709887        0.093771        0.000000        0.000000        0.046885        0.046885
       153         -3.07709887        0.093787        0.000000        0.000000        0.046893        0.046893
       154         -3.03185208        0.000235        0.000014        0.000014        0.000104        0.000104
       155         -3.07681794        0.076849        0.000000        0.000000        0.038425        0.038425
       156         -3.07709673        0.092228        0.000000        0.000000        0.046114        0.046114
       157         -3.07709885        0.093630        0.000000        0.000000        0.046815        0.046815
       158         -3.07709887        0.093771        0.000000        0.000000        0.046885        0.046885
       159         -3.07709887        0.093787        0.000000        0.000000        0.046893        0.046893
       160         -3.07709887        0.093786        0.000000        0.000000        0.046893        0.046893
       161         -3.03185212        0.000235        0.000014        0.000014        0.000104        0.000104
       162         -3.03187357        0.000202        0.000000        0.000000        0.000101        0.000101
       163         -3.07680113        0.076947        0.000013        0.000013        0.038460        0.038460
       164         -3.07681769        0.076842        0.000000        0.000000        0.038421        0.038421
       165         -3.07709673        0.092227        0.000000        0.000000        0.046114        0.046114
       166         -3.07709885        0.093630        0.000000        0.000000        0.046815        0.046815
       167         -3.07709887        0.093771        0.000000        0.000000        0.046885        0.046885
       168         -3.07709887        0.093786        0.000000        0.000000        0.046893        0.046893
       169         -3.03185212        0.000235        0.000014        0.000014        0.000104        0.000104
       170         -3.03187358        0.000202        0.000000        0.000000        0.000101        0.000101
       171         -3.07680113        0.076947        0.000013        0.000013        0.038460        0.038460
       172         -3.07681769        0.076842        0.000000        0.000000        0.038421        0.038421
       173         -3.07709673        0.092227        0.000000        0.000000        0.046114        0.046114
       174         -3.07709885        0.093630        0.000000        0.000000        0.046815        0.046815
       175         -3.07709887        0.093771        0.000000        0.000000        0.046885        0.046885
       176         -3.07709887        0.093787        0.000000        0.000000        0.046893        0.046893
       177         -3.03185210        0.000235        0.000014        0.000014        0.000104        0.000104
       178         -3.03187355        0.000202        0.000000        0.000000        0.000101        0.000101
       179         -3.07680112        0.076947        0.000013        0.000013        0.038460        0.038460
       180         -3.07681769        0.076842        0.000000        0.000000        0.038421        0.038421
       181         -3.07709673        0.092227        0.000000        0.000000        0.046114        0.046114
       182         -3.07709885        0.093630        0.000000        0.000000        0.046815        0.046815
       183         -3.07709887        0.093771        0.000000        0.000000        0.046885        0.046885
       184         -3.07709887        0.093783        0.000000        0.000000        0.046891        0.046891
       185         -3.07709887        0.093787        0.000000        0.000000        0.046893        0.046893
       186         -3.03185210        0.000235        0.000014        0.000014        0.000104        0.000104
       187         -3.07681794        0.076849        0.000000        0.000000        0.038425        0.038425
       188         -3.07709673        0.092228        0.000000        0.000000        0.046114        0.046114
       189         -3.07709885        0.093630        0.000000        0.000000        0.046815        0.046815
       190         -3.07709887        0.093771        0.000000        0.000000        0.046885        0.046885
       191         -3.07709887        0.093787        0.000000        0.000000        0.046893        0.046893
       192         -3.03185210        0.000235        0.000014        0.000014        0.000104        0.000104
       193         -3.07681794        0.076849        0.000000        0.000000        0.038425        0.038425
       194         -3.07709673        0.092228        0.000000        0.000000        0.046114        0.046114
       195         -3.07709885        0.093630        0.000000        0.000000        0.046815        0.046815
       196         -3.07709887        0.093771        0.000000        0.000000        0.046885        0.046885
       197         -3.07709887        0.093786        0.000000        0.000000        0.046893        0.046893
       198         -3.07709887        0.093787        0.000000        0.000000        0.046893        0.046893
       199         -3.03185210        0.000235        0.000014        0.000014        0.000104        0.000104
       200         -3.03187356        0.000202        0.000000        0.000000        0.000101        0.000101

 Failed to Converge

 WFN1                     :
 --------------------------
 Total WFN1 energy =          -3.0318735558
 1-Electron energy =          -3.5000380041
 2-Electron energy =           0.9956869861
 Entropy energy    =          -0.5275225378
 Nuclear energy    =           0.0000000000

 conventional Hartree-Fock:
 --------------------------
 Total SCF energy  =          -2.9144242532
 2-Electron energy =           1.1131362887


      Natural orbital occupation numbers

          Alpha     Beta
         ------   ------
     1   0.8960   0.8960
     2   0.1040   0.1040

                     WFN1 Final Correlation function energies
                     ----------------------------------------

              alpha       beta  
            --------    --------
       1      0.4139      0.4139
       2      0.4324      0.4324

                  WFN1 Final alpha Correlation Function Analysis
                  ----------------------------------------------


 global array: Ca[1:2,1:2],  handle: -988 

            1           2  
       ----------- -----------
   1       0.32241     0.94660
   2       0.94660    -0.32241

                   WFN1 Final beta Correlation Function Analysis
                   ---------------------------------------------


 global array: Cb[1:2,1:2],  handle: -987 

            1           2  
       ----------- -----------
   1       0.32241     0.94660
   2       0.94660    -0.32241

                     WFN1 Final Alpha Natural Orbital Analysis
                     -----------------------------------------

 Vector    1  Occ=8.960489D-01  E= 4.139116D-01
              MO Center=  0.0D+00,  0.0D+00,  0.0D+00, r^2= 3.2D-01
   Bfn.  Coefficient  Atom+Function         Bfn.  Coefficient  Atom+Function  
  ----- ------------  ---------------      ----- ------------  ---------------
     1     -0.595627  1 He s                  2     -0.509920  1 He s          

 Vector    2  Occ=1.039511D-01  E= 4.323633D-01
              MO Center=  0.0D+00,  0.0D+00,  0.0D+00, r^2= 7.3D-01
   Bfn.  Coefficient  Atom+Function         Bfn.  Coefficient  Atom+Function  
  ----- ------------  ---------------      ----- ------------  ---------------
     2     -1.188538  1 He s                  1      1.147985  1 He s          


                     WFN1 Final Beta Natural Orbital Analysis
                     ----------------------------------------

 Vector    1  Occ=8.960489D-01  E= 4.139116D-01
              MO Center=  0.0D+00,  0.0D+00,  0.0D+00, r^2= 3.2D-01
   Bfn.  Coefficient  Atom+Function         Bfn.  Coefficient  Atom+Function  
  ----- ------------  ---------------      ----- ------------  ---------------
     1     -0.595627  1 He s                  2     -0.509920  1 He s          

 Vector    2  Occ=1.039511D-01  E= 4.323633D-01
              MO Center=  0.0D+00,  0.0D+00,  0.0D+00, r^2= 7.3D-01
   Bfn.  Coefficient  Atom+Function         Bfn.  Coefficient  Atom+Function  
  ----- ------------  ---------------      ----- ------------  ---------------
     2     -1.188538  1 He s                  1      1.147985  1 He s          

 ------------------------------------------------------------------------
 wfn1 energy failed                                                                                 0
 ------------------------------------------------------------------------
 ------------------------------------------------------------------------
  current input line : 
    23: task wfn1 energy
 ------------------------------------------------------------------------
 ------------------------------------------------------------------------
 This type of error is most commonly associated with calculations not reaching convergence criteria
 ------------------------------------------------------------------------
 For more information see the NWChem manual at http://www.nwchem-sw.org/index.php/NWChem_Documentation


 For further details see manual section:                                                                                                                                                                                                                                                                
